ΓÜá Warning: Next.js inferred your workspace root, but it may not be correct.
 We detected multiple lockfiles and selected the directory of C:\Users\maest\package-lock.json as the root directory.
 To silence this warning, set `turbopack.root` in your Next.js config, or consider removing one of the lockfiles if it's not needed.
   See https://nextjs.org/docs/app/api-reference/config/next-config-js/turbopack#root-directory for more information.
 Detected additional lockfiles: 
   * C:\Users\maest\OneDrive\Pictures\Documents\CODES\deped-semantic-docs\package-lock.json

Γû▓ Next.js 16.2.2 (Turbopack)
- Environments: .env
- Cache Components enabled
- Experiments (use with caution):
  Γ£ô viewTransition

  Creating an optimized production build ...
Γ£ô Compiled successfully in 8.0s
  Running TypeScript ...
  Finished TypeScript in 6.8s ...
  Collecting page data using 11 workers ...
  Generating static pages using 11 workers (0/19) ...
  Generating static pages using 11 workers (4/19) 
  Generating static pages using 11 workers (9/19) 
  Generating static pages using 11 workers (14/19) 
Γ£ô Generating static pages using 11 workers (19/19) in 2.2s
  Finalizing page optimization ...

Route (app)                     Revalidate  Expire
Γöî ΓùÉ /
Γö£ ΓùÉ /_not-found
Γö£ ╞Æ /auth/confirm
Γö£ ΓùÉ /bookmarks
Γö£ ΓùÉ /categories                         1h      1d
Γö£ ΓùÉ /categories/[categoryName]
Γöé Γöö /categories/[categoryName]
Γö£ ΓùÉ /dashboard
Γö£ ΓùÉ /email-verified
Γö£ ΓùÉ /forgot-password
Γö£ ΓùÉ /login
Γö£ ΓùÉ /register
Γö£ ΓùÉ /reset-password
Γö£ ΓùÉ /search
Γö£ ΓùÉ /settings
Γö£ ΓùÉ /upload
Γö£ ΓùÉ /user-management
Γöö ΓùÉ /view/[thesisId]
  Γöö /view/[thesisId]


╞Æ Proxy (Middleware)

ΓùÉ  (Partial Prerender)  prerendered as static HTML with dynamic server-streamed content
╞Æ  (Dynamic)            server-rendered on demand

